test-file.csv